2025-11-14 03:13:48 - SistemaControle - INFO - [logger_sistema.py:63] - Logger iniciado com sucesso
2025-11-14 03:13:49 - SistemaControle - INFO - [logger_sistema.py:71] - Iniciando aplicação SistemaTCC
2025-11-14 03:13:52 - SistemaControle - INFO - [logger_sistema.py:71] - Abrindo módulo LGR
2025-11-14 03:13:52 - SistemaControle - INFO - [logger_sistema.py:71] - Frame LGR aberto
2025-11-14 03:14:35 - SistemaControle - INFO - [logger_sistema.py:71] - Gráfico LGR plotado com sucesso
2025-11-14 03:14:36 - SistemaControle - INFO - [logger_sistema.py:71] - Análise LGR completa realizada
2025-11-14 03:16:55 - SistemaControle - INFO - [logger_sistema.py:71] - Abrindo módulo LGR
2025-11-14 03:16:56 - SistemaControle - INFO - [logger_sistema.py:71] - Frame LGR aberto
2025-11-14 03:17:09 - SistemaControle - INFO - [logger_sistema.py:71] - Análise LGR completa realizada
2025-11-14 03:17:10 - SistemaControle - INFO - [logger_sistema.py:71] - Gráfico LGR plotado com sucesso
2025-11-14 03:17:58 - SistemaControle - INFO - [logger_sistema.py:71] - Abrindo módulo de controladores
2025-11-14 03:23:17 - SistemaControle - INFO - [logger_sistema.py:71] - Abrindo módulo LGR
2025-11-14 03:23:17 - SistemaControle - INFO - [logger_sistema.py:71] - Frame LGR aberto
2025-11-14 03:23:26 - SistemaControle - INFO - [logger_sistema.py:71] - Análise LGR completa realizada
2025-11-14 03:23:43 - SistemaControle - INFO - [logger_sistema.py:71] - Gráfico LGR plotado com sucesso
2025-11-14 03:23:51 - SistemaControle - INFO - [logger_sistema.py:71] - Interface LGR limpa
2025-11-14 03:23:54 - SistemaControle - INFO - [logger_sistema.py:71] - Abrindo módulo de critérios de estabilidade
2025-11-14 03:24:05 - SistemaControle - INFO - [logger_sistema.py:71] - Abrindo módulo de análise de segunda ordem
2025-11-14 03:24:45 - SistemaControle - INFO - [logger_sistema.py:71] - Fechando aplicação SistemaTCC
2025-11-14 03:24:45 - SistemaControle - INFO - [logger_sistema.py:71] - Aplicação SistemaTCC encerrada com sucesso.
