2025-11-06 03:42:16 - SistemaControle - INFO - [logger_sistema.py:63] - Logger iniciado com sucesso
2025-11-06 03:42:16 - SistemaControle - INFO - [logger_sistema.py:71] - Iniciando aplicação SistemaTCC
2025-11-06 03:42:23 - SistemaControle - INFO - [logger_sistema.py:71] - Abrindo módulo de critérios de estabilidade
2025-11-06 03:42:33 - SistemaControle - INFO - [logger_sistema.py:71] - Abrindo módulo de análise de segunda ordem
2025-11-06 03:43:02 - SistemaControle - INFO - [logger_sistema.py:71] - Abrindo módulo de controladores
2025-11-06 03:43:08 - SistemaControle - INFO - [logger_sistema.py:71] - Abrindo módulo de controladores
2025-11-06 03:43:19 - SistemaControle - INFO - [logger_sistema.py:71] - Fontes aumentadas
2025-11-06 03:43:21 - SistemaControle - INFO - [logger_sistema.py:71] - Fontes aumentadas
2025-11-06 03:43:22 - SistemaControle - INFO - [logger_sistema.py:71] - Fontes aumentadas
2025-11-06 03:43:23 - SistemaControle - INFO - [logger_sistema.py:71] - Fontes aumentadas
2025-11-06 03:43:24 - SistemaControle - INFO - [logger_sistema.py:71] - Fontes diminuídas
2025-11-06 03:43:25 - SistemaControle - INFO - [logger_sistema.py:71] - Fontes aumentadas
2025-11-06 03:43:26 - SistemaControle - INFO - [logger_sistema.py:71] - Fontes aumentadas
2025-11-06 03:43:26 - SistemaControle - INFO - [logger_sistema.py:71] - Fontes aumentadas
2025-11-06 03:43:30 - SistemaControle - INFO - [logger_sistema.py:71] - Fontes aumentadas
2025-11-06 03:43:32 - SistemaControle - INFO - [logger_sistema.py:71] - Abrindo módulo de critérios de estabilidade
2025-11-06 03:43:37 - SistemaControle - INFO - [logger_sistema.py:71] - Abrindo módulo de análise de segunda ordem
2025-11-06 03:43:50 - SistemaControle - INFO - [logger_sistema.py:71] - Abrindo módulo de controladores
2025-11-06 03:43:59 - SistemaControle - INFO - [logger_sistema.py:71] - Fechando aplicação SistemaTCC
2025-11-06 03:43:59 - SistemaControle - INFO - [logger_sistema.py:71] - Aplicação SistemaTCC encerrada com sucesso.
