2025-11-14 01:34:33 - SistemaControle - INFO - [logger_sistema.py:63] - Logger iniciado com sucesso
2025-11-14 01:34:33 - SistemaControle - INFO - [logger_sistema.py:71] - Iniciando aplicação SistemaTCC
2025-11-14 01:34:35 - SistemaControle - INFO - [logger_sistema.py:71] - Abrindo módulo LGR
2025-11-14 01:34:35 - SistemaControle - INFO - [logger_sistema.py:71] - Frame LGR aberto
2025-11-14 01:34:37 - SistemaControle - INFO - [logger_sistema.py:71] - Gráfico LGR plotado com sucesso
2025-11-14 01:34:43 - SistemaControle - INFO - [logger_sistema.py:71] - Fontes diminuídas
2025-11-14 01:34:44 - SistemaControle - INFO - [logger_sistema.py:71] - Fontes diminuídas
2025-11-14 01:34:44 - SistemaControle - INFO - [logger_sistema.py:71] - Fontes diminuídas
2025-11-14 01:34:46 - SistemaControle - INFO - [logger_sistema.py:71] - Fontes diminuídas
2025-11-14 01:34:52 - SistemaControle - INFO - [logger_sistema.py:71] - Fontes aumentadas
2025-11-14 01:34:52 - SistemaControle - INFO - [logger_sistema.py:71] - Fontes aumentadas
2025-11-14 01:34:52 - SistemaControle - INFO - [logger_sistema.py:71] - Fontes aumentadas
2025-11-14 01:34:53 - SistemaControle - INFO - [logger_sistema.py:71] - Fontes aumentadas
2025-11-14 01:34:53 - SistemaControle - INFO - [logger_sistema.py:71] - Fontes aumentadas
2025-11-14 01:34:53 - SistemaControle - INFO - [logger_sistema.py:71] - Fontes aumentadas
2025-11-14 01:34:53 - SistemaControle - INFO - [logger_sistema.py:71] - Fontes aumentadas
2025-11-14 01:34:54 - SistemaControle - INFO - [logger_sistema.py:71] - Fontes aumentadas
2025-11-14 01:34:54 - SistemaControle - INFO - [logger_sistema.py:71] - Fontes aumentadas
2025-11-14 01:34:54 - SistemaControle - INFO - [logger_sistema.py:71] - Fontes aumentadas
2025-11-14 01:34:57 - SistemaControle - INFO - [logger_sistema.py:71] - Fontes diminuídas
2025-11-14 01:34:57 - SistemaControle - INFO - [logger_sistema.py:71] - Fontes diminuídas
2025-11-14 01:34:57 - SistemaControle - INFO - [logger_sistema.py:71] - Fontes diminuídas
2025-11-14 01:34:58 - SistemaControle - INFO - [logger_sistema.py:71] - Fontes diminuídas
2025-11-14 01:34:58 - SistemaControle - INFO - [logger_sistema.py:71] - Fontes diminuídas
2025-11-14 01:34:58 - SistemaControle - INFO - [logger_sistema.py:71] - Fontes diminuídas
2025-11-14 01:34:58 - SistemaControle - INFO - [logger_sistema.py:71] - Fontes diminuídas
2025-11-14 01:34:58 - SistemaControle - INFO - [logger_sistema.py:71] - Fontes diminuídas
2025-11-14 01:34:59 - SistemaControle - INFO - [logger_sistema.py:71] - Fontes diminuídas
2025-11-14 01:34:59 - SistemaControle - INFO - [logger_sistema.py:71] - Fontes diminuídas
2025-11-14 01:35:02 - SistemaControle - INFO - [logger_sistema.py:71] - Fontes aumentadas
2025-11-14 01:35:03 - SistemaControle - INFO - [logger_sistema.py:71] - Fontes aumentadas
2025-11-14 01:35:03 - SistemaControle - INFO - [logger_sistema.py:71] - Fontes aumentadas
2025-11-14 01:35:42 - SistemaControle - INFO - [logger_sistema.py:71] - Abrindo módulo de controladores
